#-----------------------------------------------------------
# Vivado v2024.2 (64-bit)
# SW Build 5239630 on Fri Nov 08 22:35:27 MST 2024
# IP Build 5239520 on Sun Nov 10 16:12:51 MST 2024
# SharedData Build 5239561 on Fri Nov 08 14:39:27 MST 2024
# Start of session at: Sun Dec 22 00:26:47 2024
# Process ID         : 10788
# Current directory  : F:/Xilinx/ARTY_LED/ARTY_LED.runs/synth_1
# Command line       : vivado.exe -log binkled.vds -product Vivado -mode batch -messageDb vivado.pb -notrace -source binkled.tcl
# Log file           : F:/Xilinx/ARTY_LED/ARTY_LED.runs/synth_1/binkled.vds
# Journal file       : F:/Xilinx/ARTY_LED/ARTY_LED.runs/synth_1\vivado.jou
# Running On         : DESKTOP-NL3SU94
# Platform           : Windows Server 2016 or Windows 10
# Operating System   : 19045
# Processor Detail   : Intel(R) Core(TM) i5-6500 CPU @ 3.20GHz
# CPU Frequency      : 3192 MHz
# CPU Physical cores : 4
# CPU Logical cores  : 4
# Host memory        : 17113 MB
# Swap memory        : 7794 MB
# Total Virtual      : 24907 MB
# Available Virtual  : 7595 MB
#-----------------------------------------------------------
source binkled.tcl -notrace
